// Jest Snapshot v1, https://goo.gl/fbAQLP

exports[`Pruebas en el componente HookApp Debe de renderizar correctamente el componente 1`] = `
<div>
  <h1>
    Hola Mundo!
  </h1>
</div>
`;
