// Jest Snapshot v1, https://goo.gl/fbAQLP

exports[`Pruebas en el componente HomeScreen Debe mostrarse correctamente 1`] = `
<div>
  <h1>
    HomeScreen
  </h1>
  <hr />
  <pre>
    {
   "name": "Axel",
   "email": "axel@correo.com"
}
  </pre>
</div>
`;
